
/home/runner/work/exp-testing-of-butter-oil-iitk/exp-testing-of-butter-oil-iitk/experiment/simulation/script/project.js
    2:5   warning  'startlab' is assigned a value but never used    no-unused-vars
    3:5   warning  'startlab2' is assigned a value but never used   no-unused-vars
   78:85  warning  'initializeStep1Audio' is not defined            no-undef
   80:21  warning  'initializeStep1Audio' is not defined            no-undef
   94:13  warning  'startStep2' is not defined                      no-undef
  101:43  warning  'startStep3' is not defined                      no-undef
  106:43  warning  'startStep4' is not defined                      no-undef
  111:43  warning  'startStep5' is not defined                      no-undef
  116:43  warning  'startStep6' is not defined                      no-undef
  121:43  warning  'startStep7' is not defined                      no-undef
  126:43  warning  'startStep8' is not defined                      no-undef
  131:43  warning  'startStep9' is not defined                      no-undef
  136:44  warning  'startStep10' is not defined                     no-undef
  141:45  warning  'startStep11' is not defined                     no-undef
  146:45  warning  'startStep12' is not defined                     no-undef
  151:45  warning  'startStep13' is not defined                     no-undef
  191:13  warning  'startStep0' is not defined                      no-undef
  204:10  warning  'storeTitrationValue' is defined but never used  no-unused-vars
  209:10  warning  'skipToStep2' is defined but never used          no-unused-vars
  220:9   warning  'startStep2' is not defined                      no-undef
  226:10  warning  'skipToStep3' is defined but never used          no-unused-vars
  238:9   warning  'startStep3' is not defined                      no-undef
  243:10  warning  'skipToStep4' is defined but never used          no-unused-vars
  256:9   warning  'startStep4' is not defined                      no-undef
  261:10  warning  'skipToStep5' is defined but never used          no-unused-vars
  275:9   warning  'startStep5' is not defined                      no-undef
  280:10  warning  'skipToStep6' is defined but never used          no-unused-vars
  295:9   warning  'startStep6' is not defined                      no-undef
  300:10  warning  'skipToStep7' is defined but never used          no-unused-vars
  316:9   warning  'startStep7' is not defined                      no-undef
  321:10  warning  'skipToStep8' is defined but never used          no-unused-vars
  338:9   warning  'startStep8' is not defined                      no-undef
  343:10  warning  'skipToStep9' is defined but never used          no-unused-vars
  361:9   warning  'startStep9' is not defined                      no-undef
  366:10  warning  'skipToStep10' is defined but never used         no-unused-vars
  385:9   warning  'startStep10' is not defined                     no-undef
  390:10  warning  'skipToStep11' is defined but never used         no-unused-vars
  410:9   warning  'startStep11' is not defined                     no-undef
  415:10  warning  'skipToStep12' is defined but never used         no-unused-vars
  436:9   warning  'startStep12' is not defined                     no-undef
  441:10  warning  'skipToStep13' is defined but never used         no-unused-vars
  463:9   warning  'startStep13' is not defined                     no-undef
  468:10  warning  'backToStep1' is defined but never used          no-unused-vars

/home/runner/work/exp-testing-of-butter-oil-iitk/exp-testing-of-butter-oil-iitk/experiment/simulation/script/step0.js
   5:10  warning  'startStep0' is defined but never used  no-unused-vars
  15:9   warning  'f' is not defined                      no-undef

/home/runner/work/exp-testing-of-butter-oil-iitk/exp-testing-of-butter-oil-iitk/experiment/simulation/script/step1.js
    1:5   warning  'on' is assigned a value but never used             no-unused-vars
    2:5   warning  'tare' is assigned a value but never used           no-unused-vars
    7:5   warning  'flaskB' is assigned a value but never used         no-unused-vars
    8:5   warning  'gheeOnSpatula' is assigned a value but never used  no-unused-vars
   11:5   warning  'gheeDrop3' is assigned a value but never used      no-unused-vars
   14:10  warning  'on1' is defined but never used                     no-unused-vars
   15:8   warning  'f' is not defined                                  no-undef
   17:9   warning  'f' is not defined                                  no-undef
   18:9   warning  'ins' is not defined                                no-undef
   22:10  warning  'placeFlaskS' is defined but never used             no-unused-vars
   23:8   warning  'f' is not defined                                  no-undef
   24:9   warning  'f' is not defined                                  no-undef
   29:13  warning  'ins' is not defined                                no-undef
   30:13  warning  'f' is not defined                                  no-undef
   35:10  warning  'tare1' is defined but never used                   no-unused-vars
   36:8   warning  'f' is not defined                                  no-undef
   37:9   warning  'f' is not defined                                  no-undef
   39:9   warning  'ins' is not defined                                no-undef
   43:10  warning  'cap1' is defined but never used                    no-unused-vars
   44:8   warning  'f' is not defined                                  no-undef
   45:9   warning  'f' is not defined                                  no-undef
   51:17  warning  'ins' is not defined                                no-undef
   52:17  warning  'f' is not defined                                  no-undef
   56:13  warning  'f' is not defined                                  no-undef
   57:9   warning  'f' is not defined                                  no-undef
   63:17  warning  'startbutton' is not defined                        no-undef
   64:17  warning  'startbutton' is not defined                        no-undef
   65:17  warning  'ins' is not defined                                no-undef
   66:17  warning  'f' is not defined                                  no-undef
   72:10  warning  'spatula1' is defined but never used                no-unused-vars
   73:8   warning  'f' is not defined                                  no-undef
   74:9   warning  'f' is not defined                                  no-undef
  170:57  warning  'ins' is not defined                                no-undef
  171:57  warning  'f' is not defined                                  no-undef

/home/runner/work/exp-testing-of-butter-oil-iitk/exp-testing-of-butter-oil-iitk/experiment/simulation/script/step10.js
   12:10  warning  'startStep10' is defined but never used               no-unused-vars
  267:10  warning  'handlePhenolCapClick' is defined but never used      no-unused-vars
  269:9   warning  'filtrateFlask' is assigned a value but never used    no-unused-vars
  352:10  warning  'handleFiltrateFlaskClick' is defined but never used  no-unused-vars
  385:10  warning  'handleBuretteKnobClick' is defined but never used    no-unused-vars
  474:10  warning  'handleTitratedFlaskClick' is defined but never used  no-unused-vars
  486:9   warning  'storeTitrationValue' is not defined                  no-undef
  494:13  warning  'f' is not defined                                    no-undef
  495:13  warning  'statuses' is not defined                             no-undef

/home/runner/work/exp-testing-of-butter-oil-iitk/exp-testing-of-butter-oil-iitk/experiment/simulation/script/step11.js
   12:10  warning  'startStep11' is defined but never used                 no-unused-vars
  267:10  warning  'handlePhenolCap11Click' is defined but never used      no-unused-vars
  269:9   warning  'filtrateFlask' is assigned a value but never used      no-unused-vars
  352:10  warning  'handleFiltrateFlask11Click' is defined but never used  no-unused-vars
  385:10  warning  'handleBuretteKnob11Click' is defined but never used    no-unused-vars
  474:10  warning  'handleTitratedFlask11Click' is defined but never used  no-unused-vars
  486:9   warning  'storeTitrationValue' is not defined                    no-undef
  494:13  warning  'f' is not defined                                      no-undef
  495:13  warning  'statuses' is not defined                               no-undef

/home/runner/work/exp-testing-of-butter-oil-iitk/exp-testing-of-butter-oil-iitk/experiment/simulation/script/step12.js
   15:10  warning  'startStep12' is defined but never used                 no-unused-vars
  236:10  warning  'handleEthanolClick12' is defined but never used        no-unused-vars
  292:10  warning  'handleFilledFlask12Click' is defined but never used    no-unused-vars
  344:10  warning  'handlePhenolCap12Click' is defined but never used      no-unused-vars
  408:10  warning  'handleFiltrateFlask12Click' is defined but never used  no-unused-vars
  431:10  warning  'handleBuretteKnob12Click' is defined but never used    no-unused-vars
  488:9   warning  'storeTitrationValue' is not defined                    no-undef
  491:9   warning  'f' is not defined                                      no-undef
  492:9   warning  'statuses' is not defined                               no-undef

/home/runner/work/exp-testing-of-butter-oil-iitk/exp-testing-of-butter-oil-iitk/experiment/simulation/script/step13.js
   15:10  warning  'startStep13' is defined but never used                 no-unused-vars
  236:10  warning  'handleEthanolClick13' is defined but never used        no-unused-vars
  292:10  warning  'handleFilledFlask13Click' is defined but never used    no-unused-vars
  345:10  warning  'handlePhenolCap13Click' is defined but never used      no-unused-vars
  409:10  warning  'handleFiltrateFlask13Click' is defined but never used  no-unused-vars
  432:10  warning  'handleBuretteKnob13Click' is defined but never used    no-unused-vars
  489:9   warning  'storeTitrationValue' is not defined                    no-undef
  492:9   warning  'f' is not defined                                      no-undef
  493:9   warning  'statuses' is not defined                               no-undef

/home/runner/work/exp-testing-of-butter-oil-iitk/exp-testing-of-butter-oil-iitk/experiment/simulation/script/step14.js
   59:10  warning  'checkRM' is defined but never used        no-unused-vars
   80:10  warning  'showRMFormula' is defined but never used  no-unused-vars
   97:10  warning  'showRMResult' is defined but never used   no-unused-vars
  116:10  warning  'checkPV' is defined but never used        no-unused-vars
  137:10  warning  'showPVFormula' is defined but never used  no-unused-vars
  154:10  warning  'showPVResult' is defined but never used   no-unused-vars

/home/runner/work/exp-testing-of-butter-oil-iitk/exp-testing-of-butter-oil-iitk/experiment/simulation/script/step2.js
   10:10  warning  'startStep2' is defined but never used              no-unused-vars
   27:10  warning  'openGlycerolCap' is defined but never used         no-unused-vars
   40:10  warning  'openNaOHCap' is defined but never used             no-unused-vars
   53:10  warning  'handlePipetteClick' is defined but never used      no-unused-vars
  264:10  warning  'handleNaOHPipetteClick' is defined but never used  no-unused-vars
  476:57  warning  'f' is not defined                                  no-undef
  477:57  warning  'statuses' is not defined                           no-undef

/home/runner/work/exp-testing-of-butter-oil-iitk/exp-testing-of-butter-oil-iitk/experiment/simulation/script/step3.js
   11:10  warning  'startStep3' is defined but never used          no-unused-vars
   22:10  warning  'handleFlaskS3Click' is defined but never used  no-unused-vars
   36:10  warning  'handleBurnerClick' is defined but never used   no-unused-vars
   61:10  warning  'handleStirrerClick' is defined but never used  no-unused-vars
  181:29  warning  'f' is not defined                              no-undef
  192:10  warning  'handleFlaskB3Click' is defined but never used  no-unused-vars

/home/runner/work/exp-testing-of-butter-oil-iitk/exp-testing-of-butter-oil-iitk/experiment/simulation/script/step4.js
   90:10  warning  'startStep4' is defined but never used                       no-unused-vars
  160:10  warning  'handleDistilledWaterClick' is defined but never used        no-unused-vars
  181:17  warning  'bottleCurrentLeft' is assigned a value but never used       no-unused-vars
  182:17  warning  'bottleCurrentTop' is assigned a value but never used        no-unused-vars
  183:17  warning  'bottleCurrentTransform' is assigned a value but never used  no-unused-vars
  184:17  warning  'cylinderCurrentLeft' is assigned a value but never used     no-unused-vars
  185:17  warning  'cylinderCurrentTop' is assigned a value but never used      no-unused-vars
  277:17  warning  'bottleCurrentLeft' is assigned a value but never used       no-unused-vars
  278:17  warning  'bottleCurrentTop' is assigned a value but never used        no-unused-vars
  279:17  warning  'bottleCurrentTransform' is assigned a value but never used  no-unused-vars
  280:17  warning  'cylinderCurrentLeft' is assigned a value but never used     no-unused-vars
  281:17  warning  'cylinderCurrentTop' is assigned a value but never used      no-unused-vars
  381:17  warning  'currentLeft' is assigned a value but never used             no-unused-vars
  382:17  warning  'currentTop' is assigned a value but never used              no-unused-vars
  475:17  warning  'currentLeft' is assigned a value but never used             no-unused-vars
  476:17  warning  'currentTop' is assigned a value but never used              no-unused-vars
  566:13  warning  'f' is not defined                                           no-undef
  567:13  warning  'statuses' is not defined                                    no-undef

/home/runner/work/exp-testing-of-butter-oil-iitk/exp-testing-of-butter-oil-iitk/experiment/simulation/script/step5.js
   68:10  warning  'startStep5' is defined but never used               no-unused-vars
  132:10  warning  'handleCorkClick' is defined but never used          no-unused-vars
  149:10  warning  'handleH2SO4PipetteClick' is defined but never used  no-unused-vars
  151:9   warning  'bottle' is assigned a value but never used          no-unused-vars
  152:9   warning  'flaskS' is assigned a value but never used          no-unused-vars
  153:9   warning  'flaskB' is assigned a value but never used          no-unused-vars
  305:17  warning  'f' is not defined                                   no-undef
  306:17  warning  'statuses' is not defined                            no-undef

/home/runner/work/exp-testing-of-butter-oil-iitk/exp-testing-of-butter-oil-iitk/experiment/simulation/script/step6.js
    7:10  warning  'startStep6' is defined but never used             no-unused-vars
   62:10  warning  'handleBurnerPlacement' is defined but never used  no-unused-vars
   64:9   warning  'apparatus' is assigned a value but never used     no-unused-vars
  115:25  warning  'f' is not defined                                 no-undef
  116:25  warning  'statuses' is not defined                          no-undef

/home/runner/work/exp-testing-of-butter-oil-iitk/exp-testing-of-butter-oil-iitk/experiment/simulation/script/step7.js
   10:10  warning  'startStep7' is defined but never used          no-unused-vars
  179:10  warning  'handleFunnelClick' is defined but never used   no-unused-vars
  214:10  warning  'handleFlaskClick' is defined but never used    no-unused-vars
  250:10  warning  'handleBurner7Click' is defined but never used  no-unused-vars
  318:13  warning  'f' is not defined                              no-undef
  319:13  warning  'statuses' is not defined                       no-undef

/home/runner/work/exp-testing-of-butter-oil-iitk/exp-testing-of-butter-oil-iitk/experiment/simulation/script/step8.js
   10:10  warning  'startStep8' is defined but never used          no-unused-vars
  179:10  warning  'handleFunnel8Click' is defined but never used  no-unused-vars
  214:10  warning  'handleFlask8Click' is defined but never used   no-unused-vars
  250:10  warning  'handleBurner8Click' is defined but never used  no-unused-vars
  318:13  warning  'f' is not defined                              no-undef
  319:13  warning  'statuses' is not defined                       no-undef

/home/runner/work/exp-testing-of-butter-oil-iitk/exp-testing-of-butter-oil-iitk/experiment/simulation/script/step9.js
   15:10  warning  'startStep9' is defined but never used                no-unused-vars
  207:10  warning  'handleFunnelS9Click' is defined but never used       no-unused-vars
  209:9   warning  'beakerS' is assigned a value but never used          no-unused-vars
  240:10  warning  'handleFilterPaperS9Click' is defined but never used  no-unused-vars
  274:10  warning  'handleDistillateS9Click' is defined but never used   no-unused-vars
  426:10  warning  'handleFunnelB9Click' is defined but never used       no-unused-vars
  447:10  warning  'handleFilterPaperB9Click' is defined but never used  no-unused-vars
  470:10  warning  'handleDistillateB9Click' is defined but never used   no-unused-vars
  531:13  warning  'f' is not defined                                    no-undef
  532:13  warning  'statuses' is not defined                             no-undef

✖ 187 problems (0 errors, 187 warnings)

